E0921 00:44:45.350043  836688 cuda_executor.cc:1365] [0] Failed to allocate device memory of 9.00GiB (9659482112 bytes): RESOURCE_EXHAUSTED: : CUDA_ERROR_OUT_OF_MEMORY: out of memory
=== Source Location Trace: ===
external/xla+/xla/stream_executor/cuda/cuda_status.cc:45
external/xla+/xla/stream_executor/cuda/cuda_device_allocator.cc:230
external/xla+/xla/stream_executor/cuda/cuda_device_allocator.cc:487

E0921 00:44:45.352466  836688 cuda_executor.cc:1365] [0] Failed to allocate device memory of 8.10GiB (8693533696 bytes): RESOURCE_EXHAUSTED: : CUDA_ERROR_OUT_OF_MEMORY: out of memory
=== Source Location Trace: ===
external/xla+/xla/stream_executor/cuda/cuda_status.cc:45
external/xla+/xla/stream_executor/cuda/cuda_device_allocator.cc:230
external/xla+/xla/stream_executor/cuda/cuda_device_allocator.cc:487

E0921 00:44:45.353660  836688 cuda_executor.cc:1365] [0] Failed to allocate device memory of 7.29GiB (7824180224 bytes): RESOURCE_EXHAUSTED: : CUDA_ERROR_OUT_OF_MEMORY: out of memory
=== Source Location Trace: ===
external/xla+/xla/stream_executor/cuda/cuda_status.cc:45
external/xla+/xla/stream_executor/cuda/cuda_device_allocator.cc:230
external/xla+/xla/stream_executor/cuda/cuda_device_allocator.cc:487

E0921 00:44:45.355289  836688 cuda_executor.cc:1365] [0] Failed to allocate device memory of 6.56GiB (7041761792 bytes): RESOURCE_EXHAUSTED: : CUDA_ERROR_OUT_OF_MEMORY: out of memory
=== Source Location Trace: ===
external/xla+/xla/stream_executor/cuda/cuda_status.cc:45
external/xla+/xla/stream_executor/cuda/cuda_device_allocator.cc:230
external/xla+/xla/stream_executor/cuda/cuda_device_allocator.cc:487

E0921 00:44:45.356528  836688 cuda_executor.cc:1365] [0] Failed to allocate device memory of 5.90GiB (6337585664 bytes): RESOURCE_EXHAUSTED: : CUDA_ERROR_OUT_OF_MEMORY: out of memory
=== Source Location Trace: ===
external/xla+/xla/stream_executor/cuda/cuda_status.cc:45
external/xla+/xla/stream_executor/cuda/cuda_device_allocator.cc:230
external/xla+/xla/stream_executor/cuda/cuda_device_allocator.cc:487

E0921 00:44:45.359701  836688 cuda_executor.cc:1365] [0] Failed to allocate device memory of 5.31GiB (5703826944 bytes): RESOURCE_EXHAUSTED: : CUDA_ERROR_OUT_OF_MEMORY: out of memory
=== Source Location Trace: ===
external/xla+/xla/stream_executor/cuda/cuda_status.cc:45
external/xla+/xla/stream_executor/cuda/cuda_device_allocator.cc:230
external/xla+/xla/stream_executor/cuda/cuda_device_allocator.cc:487

E0921 00:44:45.362015  836688 cuda_executor.cc:1365] [0] Failed to allocate device memory of 4.78GiB (5133444096 bytes): RESOURCE_EXHAUSTED: : CUDA_ERROR_OUT_OF_MEMORY: out of memory
=== Source Location Trace: ===
external/xla+/xla/stream_executor/cuda/cuda_status.cc:45
external/xla+/xla/stream_executor/cuda/cuda_device_allocator.cc:230
external/xla+/xla/stream_executor/cuda/cuda_device_allocator.cc:487

E0921 00:44:45.363304  836688 cuda_executor.cc:1365] [0] Failed to allocate device memory of 4.30GiB (4620099584 bytes): RESOURCE_EXHAUSTED: : CUDA_ERROR_OUT_OF_MEMORY: out of memory
=== Source Location Trace: ===
external/xla+/xla/stream_executor/cuda/cuda_status.cc:45
external/xla+/xla/stream_executor/cuda/cuda_device_allocator.cc:230
external/xla+/xla/stream_executor/cuda/cuda_device_allocator.cc:487

  backend   gpu  float32
  depth     20 layers
  data      1200 examples  seq_len 640  cap 640
  numerics  CQ W4 STE + A8 (matches export)
  lora      rank 32  alpha 64  5 weight groups
  holdout   120 examples for validation
  schedule  810 steps  warmup 40  cosine decay  clip 1.0  (compiling...)
E0921 00:45:24.757420  837150 slow_operation_alarm.cc:73] Constant folding an instruction is taking > 1s:

  %dot.146 = f32[110592,128]{1,0} dot(%constant.2037, %constant.1103), lhs_contracting_dims={1}, rhs_contracting_dims={0}, metadata={op_name="jit(train_step)/jvp()/dot_general" stack_frame_id=633}

This isn't necessarily a bug; constant-folding is inherently a trade-off between compilation time and speed at runtime. XLA has some guards that attempt to keep constant folding from taking too long, but fundamentally you'll always be able to come up with an input program that takes a long time.

If you'd like to file a bug, run with envvar XLA_FLAGS=--xla_dump_to=/tmp/foo and attach the results.
E0921 00:45:24.777675  836688 slow_operation_alarm.cc:140] The operation took 1.020389637s
Constant folding an instruction is taking > 1s:

  %dot.146 = f32[110592,128]{1,0} dot(%constant.2037, %constant.1103), lhs_contracting_dims={1}, rhs_contracting_dims={0}, metadata={op_name="jit(train_step)/jvp()/dot_general" stack_frame_id=633}

This isn't necessarily a bug; constant-folding is inherently a trade-off between compilation time and speed at runtime. XLA has some guards that attempt to keep constant folding from taking too long, but fundamentally you'll always be able to come up with an input program that takes a long time.

If you'd like to file a bug, run with envvar XLA_FLAGS=--xla_dump_to=/tmp/foo and attach the results.
  step      16/810  loss 0.3599
  step      32/810  loss 0.3062
  step      48/810  loss 0.2041
  step      64/810  loss 0.1746
  step      80/810  loss 0.6689
  step      96/810  loss 0.1603
  step      112/810  loss 0.0580
  step      128/810  loss 0.1397
  epoch     1/6  loss 0.1195  val 0.1370
  step      144/810  loss 0.1215
  step      160/810  loss 0.0617
  step      176/810  loss 0.0995
  step      192/810  loss 0.0250
  step      208/810  loss 0.0372
  step      224/810  loss 0.0434
  step      240/810  loss 0.0249
  step      256/810  loss 0.0565
  epoch     2/6  loss 0.1308  val 0.0429
  step      272/810  loss 0.0139
  step      288/810  loss 0.0144
  step      304/810  loss 0.0107
  step      320/810  loss 0.0211
  step      336/810  loss 0.0139
  step      352/810  loss 0.0161
  step      368/810  loss 0.0046
  step      384/810  loss 0.0040
  step      400/810  loss 0.0020
  epoch     3/6  loss 0.0020  val 0.0139
  step      416/810  loss 0.0014
  step      432/810  loss 0.0034
  step      448/810  loss 0.0012
  step      464/810  loss 0.0049
  step      480/810  loss 0.0006
  step      496/810  loss 0.0051
  step      512/810  loss 0.0018
  step      528/810  loss 0.0018
  epoch     4/6  loss 0.0014  val 0.0061
  step      544/810  loss 0.0017
  step      560/810  loss 0.0012
  step      576/810  loss 0.0012
  step      592/810  loss 0.0026
  step      608/810  loss 0.0011
  step      624/810  loss 0.0015
  step      640/810  loss 0.0016
  step      656/810  loss 0.0012
  step      672/810  loss 0.0013
  epoch     5/6  loss 0.0006  val 0.0047
  step      688/810  loss 0.0051
  step      704/810  loss 0.0003
  step      720/810  loss 0.0019
Traceback (most recent call last):
  File "/home/edu/.venvs/slm/bin/needle", line 10, in <module>
    sys.exit(main())
             ^^^^^^
  File "/home/edu/.venvs/slm/lib/python3.12/site-packages/needle/cli.py", line 238, in main
    finetune_local(args)
  File "/home/edu/.venvs/slm/lib/python3.12/site-packages/needle/model/finetune.py", line 406, in finetune_local
    last = float(loss)
           ^^^^^^^^^^^
  File "/home/edu/.venvs/slm/lib/python3.12/site-packages/jax/_src/array.py", line 295, in __float__
    return self._value.__float__()
           ^^^^^^^^^^^
  File "/home/edu/.venvs/slm/lib/python3.12/site-packages/jax/_src/profiler.py", line 420, in wrapper
    return func(*args, **kwargs)
           ^^^^^^^^^^^^^^^^^^^^^
  File "/home/edu/.venvs/slm/lib/python3.12/site-packages/jax/_src/array.py", line 637, in _value
    npy_value, did_copy = self._single_device_array_to_np_array_did_copy()
                          ^^^^^^^^^^^^^^^^^^^^^^^^^^^^^^^^^^^^^^^^^^^^^^^^
jax.errors.JaxRuntimeError: INTERNAL: CUDA error: : CUDA_ERROR_UNKNOWN: unknown error
E0921 01:01:47.521561  836688 cuda_executor.cc:313] [0] Failed to unload module 0x3102a7a0; leaking: INTERNAL: CUDA error: : CUDA_ERROR_UNKNOWN: unknown error
=== Source Location Trace: ===
external/xla+/xla/stream_executor/cuda/cuda_status.cc:50
Terminated                 ~/.venvs/slm/bin/needle finetune ft2_train.jsonl --epochs 6 --batch-size 8 --max-len 640 --lora-rank 32 --lora-alpha 64 --seed 7 --checkpoint "$CKPT" --checkpoint-dir ./ft2_ckpt --out ft2_adapter.safetensors

real	22m2.405s
user	5m45.366s
sys	1m20.944s
